Godot Engine v4.7.1.stable.official.a13da4feb - https://godotengine.org

---  GUT  ---
[INFO]:  using [C:/Users/user/AppData/Roaming/Godot/app_userdata/Ninja Survival Godot] for temporary output.
Godot version:  4.7.1
GUT version:  9.7.1


res://tests/integration/test_enemy_pressure.gd
* test_normal_horde_floor_is_restored_from_the_annulus_after_a_kill
1/1 passed.


res://tests/integration/test_four_school_battle_contract.gd
* test_every_selected_school_commits_its_two_scrolls_and_keeps_three_automatic_patterns
1/1 passed.


res://tests/integration/test_main_scene.gd
* test_main_scene_resource_exists
* test_main_scene_has_core_nodes
* test_main_scene_repeats_the_locked_battlefield_floor_behind_gameplay
* test_main_scene_repeats_locked_sparse_props_between_floor_and_gameplay
* test_player_enemy_and_boss_share_the_locked_ground_shadow
* test_runtime_resources_exist
* test_player_scene_has_collision_visual_camera_and_basic_weapon_config
* test_enemy_scene_has_collision_and_visual
* test_shuriken_projectile_scene_has_collision_enemy_mask_and_locked_atlas_region
* test_visual_core_support_scenes_use_approved_sprite_textures
* test_hud_renders_compact_combat_values_and_game_over_visibility
* test_main_keeps_enemy_and_game_over_owners_without_persistent_score_or_health_hud
* test_main_wires_dash_play_time_and_settings_intents_without_manual_ultimate
* test_main_uses_resolved_damage_but_not_school_actions_for_player_poses
14/14 passed.


res://tests/integration/test_main_title_resume_flow.gd
* test_continue_restores_committed_build_into_fresh_active_stage_core_pressure
* test_new_game_requires_confirmation_before_deleting_the_continue_record
* test_corrupt_continue_record_stays_present_but_cannot_open_combat
* test_continue_keeps_an_already_consumed_awakening_retry_consumed
4/4 passed.


res://tests/integration/test_manual_ultimate_input.gd
* test_persisted_action_accepts_all_input_devices
* test_keyboard_ultimate_consumes_ready_resource_and_starts_effect
* test_pad_ultimate_has_the_same_effect_without_a_manual_attack_mode
* test_top_button_renders_readiness_and_activates_existing_runtime
* test_echo_does_not_spend_a_ready_ultimate
* test_open_tradition_help_blocks_but_closed_canvas_does_not
* test_paused_noncombat_and_dead_states_do_not_spend
* test_charging_rejection_has_feedback_and_preserves_resource
* test_cheonsul_no_target_rejection_is_visible_and_preserves_charge
* test_cheonsul_success_damages_status_target_and_consumes_once
* test_clicked_ultimate_does_not_capture_space_dash_focus
* test_button_intent_is_blocked_during_pause_and_noncombat
* test_feedback_returns_to_latest_readiness_after_expiry
13/13 passed.


res://tests/integration/test_mvp1_combat_loop.gd
* test_main_scene_has_mvp1_system_nodes_and_reward_binding
* test_enemy_death_updates_combo_and_spawns_one_reward_orb
* test_reward_collection_updates_tracker_without_adding_persistent_combat_metrics
* test_wave_spawned_enemies_are_wired_to_player
* test_game_over_disables_wave_spawner_and_live_reward_orbs
5/5 passed.


res://tests/integration/test_mvp1_hud.gd
* test_mvp1_combat_metrics_remain_domain_data_not_persistent_hud_controls
* test_mvp1_hud_exposes_only_compact_combat_presentation_controls
2/2 passed.


res://tests/integration/test_mvp2_four_schools.gd
* test_run_starts_paused_behind_the_title_before_stage_selection
* test_each_school_selection_activates_only_matching_runtime_and_combat
* test_current_school_help_opens_from_settings_during_combat_without_reselecting
* test_paused_settings_help_renders_above_hud_and_closes_from_parsed_escape
* test_second_school_selection_is_rejected
* test_school_kill_keeps_single_mvp1_kill_combo_orb_and_school_gain
* test_repeated_enemy_death_callback_is_idempotent
* test_wave_spawned_enemy_is_wired_after_selection
* test_alive_ui_accept_does_not_trigger_selected_ultimate
* test_automatic_combat_keeps_tradition_runtime_without_manual_ultimate_button
* test_cheonsul_combat_does_not_expose_manual_test_encounter_buttons
* test_restart_button_is_wired_while_player_is_alive
* test_game_over_deactivates_school_runtime_and_freezes_school_effects
13/13 passed.


res://tests/integration/test_mvp2_hud.gd
* test_mvp2_tradition_runtime_data_has_no_persistent_combat_hud_control
* test_settings_emits_current_tradition_help_as_an_intent
* test_settings_restart_is_not_a_persistent_normal_combat_button
3/3 passed.


res://tests/integration/test_mvp3_four_school_modifiers.gd
* test_each_school_receives_committed_backpack_fate_and_school_modifiers
* test_process_pause_and_resume_preserve_selected_school_identity_and_runtime_resource
* test_frozen_result_stays_equal_after_shop_fate_heal_and_reroll_mutations
* test_reward_orbs_are_paused_during_result_rest_and_resume_next_combat
* test_game_over_during_combat_is_terminal_and_never_opens_rest
5/5 passed.


res://tests/integration/test_mvp3_hud.gd
* test_mvp3_stage_uses_contextual_stage_phase_and_upward_play_time
* test_mvp3_legacy_segment_timer_and_gold_controls_do_not_survive_normal_combat
* test_mvp3_game_over_retry_overlay_remains_available
3/3 passed.


res://tests/integration/test_mvp3_rest_flow_ui.gd
* test_rest_flow_scene_exists
* test_rest_flow_has_all_state_views_methods_and_intent_signals
* test_show_result_renders_zero_heal_and_defense_as_no_contribution
* test_result_and_shop_buttons_emit_intents_without_mutating_data
* test_fate_view_shows_three_benefit_cost_cards_and_has_no_skip
* test_workbench_renders_only_unvisited_routes_and_emits_intents
* test_workbench_fails_closed_for_unknown_duplicate_and_incomplete_inputs
* test_workbench_explains_every_current_commit_failure_code
* test_workbench_shows_pending_boss_reward_without_enabling_commit
* test_workbench_boss_reward_and_buffer_board_emit_intents_without_domain_mutation
* test_workbench_board_exposes_active_occupied_cells_and_emits_move_undo_intents
* test_workbench_combination_choices_emit_only_intents_and_pending_result_uses_board_origin
* test_workbench_standard_pointer_touch_and_focus_input_emit_intents
* test_workbench_focuses_the_provisional_route_card
* test_preview_and_complete_are_distinct_terminal_states
* test_hide_all_hides_overlay_and_every_state_view
16/16 passed.


res://tests/integration/test_mvp3_stage_loop.gd
* test_main_scene_keeps_existing_runtime_owners_before_a_school_starts
* test_school_selection_starts_the_four_school_circuit_and_syncs_stage_phase_hud_and_build_state
* test_circuit_normal_enemy_reward_orb_remains_active_while_legacy_stage_flow_is_idle
* test_circuit_runtime_requires_world_trace_before_boss_and_ends_at_workbench
* test_normal_enemy_death_grants_current_gold_and_kill_credit_after_selection
* test_boss_death_enters_workbench_and_cleans_normal_enemies_without_extra_rewards
* test_game_over_during_circuit_combat_stops_combat_without_opening_rest
7/7 passed.


res://tests/integration/test_opening_horde_attack_rhythm.gd
* test_opening_horde_spreads_resolved_damage_across_physics_frames
1/1 passed.


res://tests/integration/test_player_dash_runtime.gd
* test_dash_uses_character_body_collision_path_without_teleport_or_mask_change
* test_right_pointer_dash_uses_player_camera_canvas_transform
* test_parsed_space_dashes_once_without_focused_legacy_ultimate_activation
* test_automatic_combat_hud_has_no_ultimate_button
* test_combat_disable_clears_pointer_target_before_reenable
* test_control_consumed_click_leaves_pointer_target_unchanged
* test_pointer_input_is_ignored_when_combat_disabled_or_game_over
7/7 passed.


res://tests/integration/test_pr135_reconciliation_contract.gd
* test_reconciled_runtime_exposes_user_approved_front_door_and_auto_combat_consumers
1/1 passed.


res://tests/integration/test_school_circuit_main_runtime.gd
* test_each_school_selection_starts_the_same_circuit_runtime_with_its_own_encounter_identity
* test_circuit_phase_changes_render_public_phase_without_mutating_route_depth
* test_workbench_ui_intents_delegate_to_the_shared_circuit_without_ui_ownership
* test_workbench_board_move_and_undo_intents_delegate_to_the_shared_circuit
* test_workbench_combination_intents_delegate_through_main_without_ui_state_ownership
* test_checkpoint_retry_spends_one_soul_once_and_restores_the_next_school_baseline
* test_invalid_checkpoint_never_debits_a_soul_or_consumes_the_retry
7/7 passed.


res://tests/integration/test_school_encounter_spawn_runtime.gd
* test_selected_stage_spawns_a_catalog_core_actor
1/1 passed.


res://tests/integration/test_title_actions.gd
* test_title_exposes_all_requested_actions_and_disables_continue_without_a_valid_checkpoint
* test_title_opens_awakening_codex_and_new_game_confirmation_as_local_presentation_states
* test_title_exit_requires_a_local_confirmation_before_emitting_its_intent
3/3 passed.


res://tests/integration/test_title_screen.gd
* test_title_screen_exposes_separate_locked_graphic_logo_medal_backdrop_and_start_intent
1/1 passed.


res://tests/integration/test_title_start_gate.gd
* test_start_intent_reveals_starting_stage_selection_without_starting_combat
* test_title_secondary_buttons_open_only_their_own_panels_before_a_stage_is_selected
2/2 passed.


res://tests/unit/test_backpack_resolver.gd
* test_t03_resources_exist
* test_resolve_rejects_disconnected_active_cells_and_accepts_connected_extension
* test_can_place_item_and_bag_return_reasoned_read_only_previews
* test_existing_instance_previews_replace_in_place_without_mutating_source
* test_irregular_rotated_bag_contributes_exact_active_cells
* test_orthogonal_pair_is_canonical_once_even_when_multiple_edges_touch
* test_diagonal_only_items_are_not_adjacent
* test_per_distinct_neighbor_rule_and_selected_school_static_payload_are_deterministic
* test_per_distinct_neighbor_rule_caps_at_three_matches
* test_one_neighbor_matching_tag_and_definition_id_counts_once_for_rule
* test_special_bag_applies_once_when_item_overlaps_multiple_cells
* test_distinct_special_bags_each_apply_once_to_same_item
* test_translated_state_is_all_or_nothing_and_never_mutates_source
* test_resolution_outputs_are_independent_snapshots
14/14 passed.


res://tests/unit/test_backpack_resolver_adversarial.gd
* test_spatial_rules_are_data_driven_without_source_item_id_branching
* test_missing_item_definition_fails_closed_without_partial_modifier_output
* test_disconnected_failure_cells_are_deterministic
* test_preview_failure_reasons_distinguish_missing_state_from_missing_candidate
4/4 passed.


res://tests/unit/test_backpack_state.gd
* test_t02_resources_exist
* test_starting_state_has_centered_3x3_active_area_and_stable_starting_bag
* test_successful_item_and_bag_additions_share_monotonic_instance_ids
* test_invalid_item_placement_rejects_inactive_cells_and_collision_without_consuming_id
* test_unknown_definitions_and_instance_ids_are_atomic_noops
* test_rotation_inputs_normalize_to_quarter_turns
* test_item_move_and_rotation_are_atomic_against_collision_and_active_area
* test_bag_expansion_updates_active_cells_and_rejects_overlap_or_board_escape
* test_starting_bag_cannot_be_removed_from_an_empty_start
* test_starting_bag_cannot_be_removed_or_moved_when_it_would_orphan_an_item
* test_public_collection_views_cannot_mutate_committed_instances
* test_remove_lookup_and_copy_are_value_isolated
12/12 passed.


res://tests/unit/test_basic_weapon_controller.gd
* test_katana_hits_at_most_three_closest_valid_targets_and_records_damage
* test_shuriken_spawns_toward_nearest_valid_target_with_combat_resolver
* test_dead_or_out_of_range_targets_do_not_receive_a_katana_hit
3/3 passed.


res://tests/unit/test_bongma_familiar.gd
* test_attack_once_damages_nearest_valid_enemy
* test_familiar_uses_combat_resolver_for_actual_modified_damage
* test_seal_path_penalizes_normal_familiar_hit_but_strengthens_ultimate_hit
* test_follow_moves_only_beyond_seventy_two_pixels
* test_attack_ignores_dead_enemy
* test_zero_actual_familiar_damage_does_not_emit_attack_resolved
6/6 passed.


res://tests/unit/test_bongma_runtime.gd
* test_spirit_regens_and_kill_adds_ten
* test_resource_and_ultimate_readiness_modifiers_multiply_spirit_gain
* test_activation_creates_one_base_familiar
* test_school_emblem_reduces_all_selected_familiar_intervals
* test_ward_is_stationary_four_second_window_every_eight_seconds
* test_ward_bonus_only_applies_to_familiar_inside_active_ward
* test_hyakki_yagyo_costs_one_hundred_adds_familiar_and_marks_hits_ultimate
7/7 passed.


res://tests/unit/test_cheonsul_runtime.gd
* test_enemy_effect_badge_is_minimal_text_view
* test_flame_cast_hits_radius_and_burn_ticks_once_per_second
* test_flame_cast_without_a_target_does_not_emit_player_action
* test_flame_cast_spawns_a_textured_runtime_field_visual
* test_same_token_refreshes_four_second_duration
* test_wet_then_shock_reacts_once_and_chain_is_non_recursive
* test_shock_then_wet_waits_for_next_shock
* test_fractional_reaction_readiness_uses_resource_and_ultimate_gain
* test_reaction_charge_clamps_at_three_and_ultimate_clears_statuses
* test_emblem_and_forbidden_path_multiply_reaction_and_chain_damage
* test_forbidden_status_multiplier_does_not_increase_burn_tick_damage
* test_seal_path_penalizes_non_ultimate_damage_but_strengthens_ultimate
* test_successful_status_applications_and_reaction_are_recorded_once_each
* test_ultimate_without_status_target_preserves_ready_charge
* test_deactivate_clears_owned_state_and_badges
* test_automatic_cast_waits_one_point_eight_seconds_and_alternates_tokens
* test_automatic_shock_prioritizes_existing_wet_target
17/17 passed.


res://tests/unit/test_cheonsul_vertical_slice_controller.gd
* test_first_school_commits_cheonsul_without_rest_commit
* test_first_school_exposes_cheonsul_encounter_catalog_identity
* test_boss_request_requires_elite_trace_and_elapsed_time
* test_boss_clear_creates_pending_reward_workbench_without_auto_commit
4/4 passed.


res://tests/unit/test_codex_presentation.gd
* test_codex_derives_enemy_ninjutsu_and_equipment_sections_from_current_catalogs
* test_codex_entries_explain_actual_role_lane_or_placement_without_unlock_state
2/2 passed.


res://tests/unit/test_combat_contribution_tracker.gd
* test_contribution_tracker_resource_exists
* test_segment_values_accumulate_actual_contributions_and_deltas
* test_non_positive_records_are_ignored_and_segment_combo_starts_at_zero
* test_frozen_snapshot_is_immutable_until_segment_reset
* test_growth_hint_tie_priority_is_damage_before_healing
* test_second_axis_hint_requires_half_primary_and_minimum_one_score
* test_matching_build_modifier_can_supply_second_synergy_hint
* test_zero_contribution_has_no_growth_hint
8/8 passed.


res://tests/unit/test_combat_ddd_tracker.gd
* test_first_kill_starts_combo_and_scores_base
* test_kill_inside_window_increments_combo_and_step_bonus
* test_timeout_resets_current_combo_but_preserves_maximum
* test_non_positive_delta_does_not_advance_combo_timeout
* test_kill_after_timeout_restarts_at_one
* test_title_thresholds_emit_exactly_once_on_threshold_kill
* test_reward_collection_adds_counter_and_style_only
7/7 passed.


res://tests/unit/test_combat_resolver.gd
* test_combat_resolver_resource_exists
* test_normal_school_damage_applies_school_and_non_ultimate_channels
* test_ultimate_damage_uses_ultimate_power_not_non_ultimate_penalty
* test_extra_multiplier_is_applied_after_run_modifiers
* test_basic_weapon_damage_records_actual_hp_loss_without_school_only_modifiers
* test_overkill_records_actual_hp_loss_only
* test_invalid_zero_or_non_damage_target_is_noop
* test_set_modifiers_copies_snapshot_instead_of_sharing_it
8/8 passed.


res://tests/unit/test_combination_resolver.gd
* test_t05_resource_exists
* test_eligible_pairs_require_valid_orthogonal_on_board_sources
* test_buffer_source_is_not_combination_eligible
* test_hint_stage_progresses_from_unknown_to_ingredient_ready_and_discovered
* test_begin_and_cancel_result_preview_preserve_both_sources
* test_begin_rejects_mismatched_nonadjacent_and_buffer_sources
* test_invalid_result_placement_preserves_sources_and_keeps_pending_transaction
* test_legal_commit_consumes_exactly_two_once_creates_one_result_and_marks_discovery
* test_pending_combination_blocks_parallel_backpack_edits_and_fate_commit
* test_second_pending_transaction_is_rejected_without_replacing_first
10/10 passed.


res://tests/unit/test_combination_resolver_adversarial.gd
* test_successful_combination_clears_prior_edit_history
* test_session_has_no_public_recipe_bypass_methods
* test_pending_transaction_is_bound_to_original_session
* test_reversed_source_arguments_are_canonicalized_without_identity_loss
* test_begin_rejects_uncommitted_item_preview_and_whole_layout_mode
* test_cancel_preserves_prior_normal_edit_history
* test_hint_stage_rejects_stale_discovery_for_missing_recipe
* test_failed_result_commit_does_not_consume_future_instance_id
* test_pending_result_view_is_defensive
* test_discovered_combinations_view_is_defensive
10/10 passed.


res://tests/unit/test_encounter_actor_controller.gd
* test_actor_and_scene_exist
1/1 passed.


res://tests/unit/test_encounter_asset_manifest.gd
* test_locked_mobile_array_caster_source_and_manifest_are_exact
* test_locked_mobile_array_caster_binds_to_the_exact_school_actor_visual
* test_locked_hundred_demon_array_master_source_and_manifest_are_exact
* test_locked_hundred_demon_array_master_binds_to_the_exact_school_actor_visual_at_boss_scale
4/4 passed.


res://tests/unit/test_encounter_catalog.gd
* test_t09_resources_exist
* test_catalog_exposes_exact_canonical_primitive_vocabulary_and_cheonsul_first_slice
* test_four_school_definitions_have_exact_core_elite_boss_and_pattern_refs
* test_stage_profiles_are_four_shared_profiles_not_sixteen_school_stage_copies
* test_cheonsul_first_slice_patterns_encode_fairness_without_inventing_timing_seconds
* test_first_slice_pattern_definitions_keep_execution_and_presentation_data_separate
* test_catalog_validation_is_clean_for_approved_t09_data
* test_stage_profile_validation_rejects_out_of_range_concurrency_and_capstone_mismatch
* test_school_validation_rejects_unknown_school_duplicate_core_and_unknown_primitive_ref
* test_build_calls_return_independent_resources_and_collections
* test_actor_catalog_has_twelve_core_four_elite_and_four_boss_definitions
* test_each_school_keeps_core_pressure_contact_only
* test_actor_catalog_rejects_elite_or_boss_without_telegraph_or_recovery
13/13 passed.


res://tests/unit/test_encounter_catalog_adversarial.gd
* test_dec026_display_names_are_preserved_exactly
* test_core_actors_are_contact_only_while_elite_and_boss_patterns_stay_telegraphed
* test_fairness_corruption_fails_closed_instead_of_becoming_valid_pattern_data
* test_stage_profiles_reject_nan_infinity_and_non_positive_multipliers
* test_school_role_identity_collision_is_rejected
* test_duplicate_school_pattern_refs_are_rejected
* test_school_and_stage_resources_keep_independent_axes
* test_first_slice_patterns_do_not_smuggle_unapproved_tuning_numbers_or_extra_primitives
* test_resource_copy_values_are_deeply_isolated
9/9 passed.


res://tests/unit/test_encounter_catalog_clean_reattack.gd
* test_clean_catalog_stays_valid_after_fail_closed_validator_hardening
* test_school_and_stage_axes_remain_cartesian_inputs_not_sixteen_duplicated_profiles
* test_first_slice_materializes_only_three_cheonsul_patterns_not_all_eight_runtime_bodies
* test_first_slice_key_id_and_presentation_hook_corruption_fail_closed
* test_school_key_id_corruption_does_not_silently_change_canonical_school_axis
5/5 passed.


res://tests/unit/test_enemy_chaser.gd
* test_damage_reduces_health_and_dies_once
* test_take_damage_returns_actual_hp_loss_including_overkill
* test_set_target_stores_target
* test_contact_damage_is_cooldown_gated
* test_opening_contact_stagger_delays_the_first_overlap_damage
* test_physics_contact_applies_damage_when_bodies_collide
6/6 passed.


res://tests/unit/test_fate_controller.gd
* test_fate_controller_resource_exists
* test_begin_rest_offers_three_unique_unselected_fates
* test_choose_requires_current_candidate_and_only_one_choice_per_rest
* test_t12_pending_choice_leaves_build_state_unchanged_until_atomic_commit
* test_new_rest_resets_local_choice_but_excludes_previous_fate
* test_third_rest_offers_exact_three_remaining_fates
* test_already_selected_fate_cannot_be_selected_again_even_if_requested
7/7 passed.


res://tests/unit/test_game_state.gd
* test_register_kill_increments_count_and_score
* test_register_kill_never_subtracts_score
2/2 passed.


res://tests/unit/test_guiin_runtime.gd
* test_baseline_pulse_interval_radius_and_damage
* test_low_health_berserker_changes_radius_and_damage_at_half_health
* test_school_emblem_multiplies_final_melee_radius
* test_melee_pulse_hits_only_enemies_inside_current_radius_and_gains_four_each
* test_resource_and_readiness_modifiers_multiply_hit_and_kill_gwihyeol_gain
* test_only_actual_damage_counts_as_hit_and_resource_gain
* test_school_damage_modifier_is_applied_once_after_local_guiin_math
* test_seal_path_reduces_normal_pulse_but_strengthens_guiin_form_pulse
* test_enemy_kill_adds_twelve_and_resource_clamps_at_one_hundred
* test_gwihyeol_waits_one_second_then_decays_six_per_second
* test_pulse_gain_is_not_aged_by_same_process_delta
* test_high_gwihyeol_multiplier_applies_after_berserker_base
* test_guiin_form_cost_duration_interval_radius_and_rounding
* test_ultimate_ends_after_six_seconds_and_resource_gain_still_works
* test_deactivated_runtime_does_not_pulse_or_decay
15/15 passed.


res://tests/unit/test_heukyeong_runtime.gd
* test_attack_once_hits_at_most_three_nearest_enemies
* test_normal_and_critical_hits_apply_exact_damage_and_marks
* test_zero_actual_needle_damage_does_not_emit_player_action
* test_marked_target_uses_emblem_critical_bonus_only_when_marked
* test_mark_badge_is_visible_before_burst
* test_marks_expire_after_exact_base_eight_second_duration
* test_ultimate_treatise_extends_new_marks_to_ten_seconds
* test_treatise_plus_seal_readiness_extends_mark_duration_by_fifty_five_percent
* test_reapplying_run_modifiers_rescales_existing_mark_remaining_proportionally
* test_resource_bonus_uses_fractional_credit_without_fractional_visible_marks
* test_two_live_enemies_can_reach_shadow_execution_threshold
* test_queued_enemy_is_pruned_from_live_mark_charge
* test_seeded_rng_produces_reproducible_critical_sequence
* test_forbidden_path_boosts_burst_status_damage_but_not_needle_base
* test_shadow_execution_uses_current_marks_status_multiplier_and_clears_all
* test_seal_path_penalizes_needle_but_strengthens_shadow_execution
* test_deactivate_clears_marks_badges_and_fractional_credit
17/17 passed.


res://tests/unit/test_hud_combat_surface.gd
* test_combat_top_bar_shows_dash_play_manual_ultimate_and_settings
* test_normal_combat_tree_excludes_legacy_status_skill_and_test_controls
* test_dash_and_play_are_render_only
* test_stage_phase_is_contextual_and_can_be_hidden
* test_public_runtime_copy_excludes_legacy_segment_headline
* test_settings_panel_is_pause_safe_and_emits_only_intents
* test_settings_actions_have_distinct_layout_rects_inside_the_actions_container
* test_each_settings_button_emits_only_its_matching_intent
* test_touch_controls_are_hidden_on_desktop_and_emit_named_movement_actions
* test_game_over_keeps_the_terminal_retry_route
10/10 passed.


res://tests/unit/test_input_map_contract.gd
* test_dec037_movement_and_dash_actions_are_declared
* test_movement_actions_keep_keyboard_left_stick_and_dpad_families
* test_dash_has_keyboard_and_gamepad_bindings
3/3 passed.


res://tests/unit/test_mvp3_catalog.gd
* test_mvp3_data_resources_exist
* test_catalog_has_exact_eight_items_with_stable_ids
* test_catalog_item_prices_and_effects_match_approved_design
* test_all_item_sell_prices_are_half_of_base_price
* test_catalog_has_exact_five_fates_with_stable_ids
* test_fate_modifier_values_match_approved_design
* test_modifier_snapshot_starts_neutral_and_copy_is_independent
7/7 passed.


res://tests/unit/test_mvp4_catalog.gd
* test_t01_data_resources_exist
* test_run_modifier_set_rejects_unknown_fields_without_mutation
* test_catalog_has_exact_base_and_combination_result_boundaries
* test_catalog_has_five_purchasable_bags_plus_one_starting_3x3_bag
* test_non_square_item_and_irregular_bags_rotate_with_normalized_cells
* test_existing_mvp3_item_values_survive_legacy_adapter_semantics
* test_combo_results_have_exact_multi_axis_payloads_and_are_not_base_rewards
* test_combinations_resolve_to_existing_sources_and_results
* test_spatial_rules_use_supported_modifier_fields_and_exact_strong_item_budget
* test_catalog_validation_is_clean_and_rejects_unsupported_modifier_payload
10/10 passed.


res://tests/unit/test_mvp4_catalog_validation.gd
* test_validate_items_rejects_unsupported_legacy_effect_kind
* test_validate_items_rejects_non_numeric_static_payload_value
* test_validate_items_rejects_non_numeric_spatial_payload_value
* test_validate_bags_requires_a_nine_cell_starting_bag
4/4 passed.


res://tests/unit/test_ninja_soul_retry.gd
* test_wallet_is_the_only_persistent_debit_owner_and_reloads_a_successful_retry_spend
* test_boss_ledger_is_idempotent_and_checkpoint_allows_only_one_retry_for_its_active_school
2/2 passed.


res://tests/unit/test_ninjutsu_auto_controller.gd
* test_starter_is_not_duplicated_but_committed_scroll_auto_casts
1/1 passed.


res://tests/unit/test_ninjutsu_catalog.gd
* test_ninjutsu_catalog_resource_exists
* test_every_school_has_one_starter_elite_scroll_and_boss_scroll
* test_ninjutsu_catalog_rejects_a_school_without_boss_scroll
3/3 passed.


res://tests/unit/test_ninjutsu_loadout_state.gd
* test_selected_school_starter_is_the_only_immediate_starting_ninjutsu
* test_elite_and_boss_scrolls_remain_inactive_until_one_commit
* test_scroll_rejects_unknown_lane_cross_school_and_duplicates_without_mutation
3/3 passed.


res://tests/unit/test_player_controller.gd
* test_damage_reduces_health_clamps_and_dies_once
* test_non_positive_damage_is_ignored
* test_run_modifiers_recompute_max_health_and_move_speed_from_base_stats
* test_removing_max_health_clamps_current_hp_without_damage_event
* test_heal_returns_actual_restoration_after_healing_modifier_and_cap
* test_damage_reduction_reports_resolved_and_prevented_damage
* test_evasion_prevents_full_requested_damage
* test_overkill_is_not_reported_as_defense
* test_dead_player_cannot_be_healed_or_damaged_again
* test_movement_intent_is_limited_before_dash_direction_is_resolved
* test_dash_consumes_one_of_two_charges_and_emits_read_only_state
* test_dash_rejects_zero_direction_dead_player_and_empty_charges_without_mutation
* test_dash_recharges_one_charge_after_one_point_five_seconds
* test_second_dash_does_not_reset_the_running_recharge_cadence
* test_active_dash_prevents_damage_only_during_the_dash_window
* test_pointer_target_farther_than_arrival_radius_resolves_normalized_direction
* test_pointer_target_inside_arrival_radius_resolves_zero_direction
* test_clearing_pointer_target_restores_action_movement_intent
18/18 passed.


res://tests/unit/test_player_visual_controller.gd
* test_visual_starts_in_move_pose
* test_hit_returns_to_move_without_an_attack_pose
* test_parent_resolved_damage_shows_hit_but_evaded_damage_does_not
* test_visual_exposes_no_attack_pose_or_texture_property
4/4 passed.


res://tests/unit/test_projectile.gd
* test_configure_normalizes_direction_and_sets_combat_values
* test_configure_preserves_zero_direction
* test_projectile_moves_using_configured_direction_and_speed
* test_hit_body_applies_damage_and_consumes_projectile
* test_projectile_uses_basic_weapon_resolver_when_configured
* test_projectile_expires_after_lifetime
6/6 passed.


res://tests/unit/test_recent_hit_hp_presenter.gd
* test_recent_hit_hp_presenter_resource_exists
* test_latest_hit_replaces_the_previous_enemy_bar
* test_recent_hit_bar_expires_after_one_point_two_five_seconds_or_death
3/3 passed.


res://tests/unit/test_rest_backpack_session.gd
* test_t04_resources_exist
* test_begin_copies_committed_state_and_item_preview_is_non_mutating_with_selected_school
* test_buffer_round_trip_disables_effects_requires_legal_placement_and_preserves_instance_id
* test_buffer_capacity_is_exactly_six_and_seventh_move_is_atomic
* test_edit_history_undo_redo_and_new_edit_clears_redo
* test_buffer_transition_is_undoable_without_changing_instance_identity
* test_pending_bag_acquisition_is_not_history_but_placement_is_undoable
* test_whole_layout_translation_requires_explicit_mode_and_failure_is_atomic
* test_whole_layout_translation_is_undoable_without_undoing_mode_switch
* test_commit_failures_are_deterministic_and_include_resolver_reason
* test_public_session_views_and_preview_cannot_bypass_edit_history_authority
11/11 passed.


res://tests/unit/test_rest_backpack_session_adversarial.gd
* test_irreversible_pending_bag_acquisition_breaks_prior_edit_history
* test_restore_paths_preserve_shared_identity_and_are_atomic
* test_commit_gate_blocks_uncommitted_valid_item_preview
* test_whole_layout_mode_rejects_per_item_and_pending_bag_edits_until_exit
* test_whole_layout_mode_blocks_commit_until_explicit_exit
* test_whole_layout_rebuild_preserves_future_identity_cursor_with_buffered_high_id
6/6 passed.


res://tests/unit/test_rest_commit_coordinator.gd
* test_t12_coordinator_resource_exists
* test_valid_rest_tuple_commits_backpack_fate_and_route_once
* test_missing_pending_fate_leaves_committed_route_and_build_unchanged
* test_first_school_provisional_route_is_not_a_t12_commit_tuple
4/4 passed.


res://tests/unit/test_rest_commit_coordinator_adversarial.gd
* test_active_rest_rejects_owner_tuple_replacement
* test_session_started_from_different_backpack_owner_is_rejected
* test_active_session_reinitialization_invalidates_the_transaction
* test_successful_rest_cannot_reconfigure_same_coordinator_for_another_commit
* test_pending_fate_unknown_to_build_state_fails_before_route_or_modifier_mutation
* test_abandoned_pending_fate_cannot_commit_after_new_rest_begins
* test_t12_source_boundary_excludes_ui_and_encounter_owners
* test_fate_observer_sees_completed_tuple_and_cannot_reenter_commit
* test_unresolved_buffer_blocks_every_committed_owner
9/9 passed.


res://tests/unit/test_rest_reward_controller.gd
* test_t07_resource_exists
* test_boss_reward_has_three_distinct_options_with_school_related_candidate
* test_boss_reward_requires_buffer_slot_and_can_only_be_chosen_once
* test_chest_token_opens_exactly_two_items_and_failed_capacity_preserves_token
* test_chest_grant_is_explicit_and_non_positive_amount_is_ignored
* test_shop_has_three_distinct_items_and_one_purchasable_bag
* test_shop_item_validates_gold_and_buffer_before_spend_and_never_changes_committed_power
* test_shop_bag_purchase_is_one_per_rest_and_validates_gold_before_pending_bag
* test_shop_reroll_costs_five_ten_then_fifteen_and_keeps_distinct_offers
* test_sell_by_instance_removes_spatial_item_and_refunds_definition_sell_price_only
* test_new_rest_resets_one_bag_purchase_and_reroll_cost_but_preserves_chest_input
11/11 passed.


res://tests/unit/test_rest_reward_controller_adversarial.gd
* test_catalog_acquisition_boundaries_win_over_price_heuristics
* test_paid_item_is_present_before_gold_changed_observers_run
* test_batch_acquisition_failure_preserves_buffer_and_instance_cursor
* test_failed_chest_open_is_total_noop_beyond_failure_signal
* test_spatial_sale_uses_exact_instance_and_never_changes_committed_power
* test_acquisition_is_blocked_during_whole_layout_mode_without_spending_gold
* test_session_has_no_public_generic_acquisition_or_sale_bypass
* test_failed_reroll_does_not_advance_seeded_rng_state
* test_missing_mandatory_boss_reward_pool_remains_pending_fail_closed
* test_all_four_valid_schools_keep_distinct_affinity_boss_reward_contract
* test_t04_commit_failure_gate_tracks_t07_pending_reward_and_chest_state
11/11 passed.


res://tests/unit/test_reward_orb.gd
* test_configure_stores_target
* test_orb_moves_toward_target
* test_collection_emits_once_and_consumes_orb
* test_invalid_target_cleans_up_without_collection
* test_lifetime_expiry_consumes_orb_without_collection
5/5 passed.


res://tests/unit/test_run_build_state.gd
* test_run_build_state_resource_exists
* test_gold_grants_spends_and_fixed_policy_rewards_are_atomic
* test_committed_normal_gold_modifier_does_not_override_fixed_run_economy_policy
* test_inventory_caps_and_failed_buy_are_atomic
* test_insufficient_gold_and_unknown_item_do_not_mutate_inventory
* test_sale_refunds_half_without_becoming_modifier_authority
* test_committed_backpack_snapshot_is_single_item_modifier_authority
* test_committed_school_modifier_snapshot_is_not_rederived_from_owned_items
* test_fates_apply_exact_modifiers_and_cannot_repeat
* test_committed_backpack_modifiers_and_fate_combine_once
* test_heukyeong_converts_committed_and_fate_readiness_after_sum
* test_committed_snapshot_set_and_get_are_value_isolated
* test_get_modifiers_returns_independent_copy
13/13 passed.


res://tests/unit/test_run_build_state_adversarial.gd
* test_legacy_inventory_mutations_never_change_committed_combat_snapshot
* test_new_committed_snapshot_replaces_instead_of_accumulating_old_snapshot
* test_null_committed_snapshot_resets_item_power_but_keeps_fate_power
* test_school_post_processing_never_mutates_stored_committed_snapshot
* test_final_clamps_do_not_mutate_raw_committed_snapshot
5/5 passed.


res://tests/unit/test_run_economy_policy.gd
* test_policy_resource_is_the_single_default_source_for_normal_elite_and_boss_gold
* test_seeded_normal_rolls_are_reproducible_and_source_receipts_keep_zero_rolls
* test_elite_and_school_boss_rewards_are_fixed_policy_values_with_distinct_receipts
3/3 passed.


res://tests/unit/test_run_resume_codec.gd
* test_codec_round_trips_a_committed_checkpoint_using_json_primitives_only
* test_codec_rejects_an_unknown_item_before_returning_a_partial_checkpoint
* test_codec_rejects_an_unsupported_schema_version
* test_codec_round_trips_the_consumed_awakening_retry_without_resetting_it
4/4 passed.


res://tests/unit/test_run_resume_store.gd
* test_store_round_trips_only_a_valid_committed_checkpoint
* test_store_preserves_a_corrupt_record_instead_of_silently_deleting_it
* test_store_clear_removes_only_its_own_record
3/3 passed.


res://tests/unit/test_run_route_state.gd
* test_t08_resource_exists
* test_initial_state_has_four_unvisited_schools_and_stage_one
* test_provisional_route_can_change_before_commit_without_clearing_any_school
* test_failed_provisional_selection_is_atomic
* test_commit_provisional_route_sets_active_school_without_advancing_stage
* test_clearing_active_school_updates_unvisited_order_and_stage_independently_from_identity
* test_revisit_is_rejected_without_mutating_current_provisional_choice
* test_clear_requires_active_committed_route_and_cannot_repeat
* test_fourth_unique_clear_enters_final_binding_without_stage_five
* test_all_twenty_four_school_orders_are_legal_and_preserve_exact_clear_order
* test_public_snapshots_are_defensive_and_cannot_reopen_cleared_school
11/11 passed.


res://tests/unit/test_run_route_state_adversarial.gd
* test_failed_operations_are_total_noops_across_initial_provisional_active_and_final_states
* test_provisional_replacement_commits_only_latest_choice
* test_all_twenty_four_orders_preserve_prefix_invariants
* test_final_binding_is_terminal_and_stage_never_exceeds_four
* test_public_route_views_never_expose_live_clear_order_authority
* test_route_state_exposes_no_generic_force_restore_or_direct_stage_mutation_api
* test_every_reported_route_identity_is_from_canonical_four_school_set
7/7 passed.


res://tests/unit/test_school_circuit_controller.gd
* test_school_circuit_controller_resource_exists
* test_each_school_can_begin_first_route_with_its_own_composition
* test_started_school_accepts_the_encounter_clock
* test_invalid_or_second_school_request_is_atomic
* test_each_school_reaches_its_pending_boss_reward_workbench
* test_normal_enemy_reward_is_recorded_through_the_active_school_circuit
* test_boss_reward_moves_only_from_pending_choice_to_rest_buffer_then_board
* test_workbench_combination_is_explicit_and_keeps_domain_transaction_ownership
* test_workbench_commits_placed_reward_fate_and_next_school_as_one_tuple
* test_deterministic_four_school_machine_circuit_reaches_final_binding_eligibility_in_non_catalog_order
10/10 passed.


res://tests/unit/test_school_circuit_ninjutsu_commit.gd
* test_scrolls_stage_on_elite_and_boss_reward_but_commit_with_fate_and_route_only
1/1 passed.


res://tests/unit/test_school_circuit_persistent_resume.gd
* test_persistent_resume_reconstructs_the_next_stage_as_fresh_core_pressure
* test_persistent_resume_rejects_a_checkpoint_without_a_prior_committed_school
2/2 passed.


res://tests/unit/test_school_encounter_actor.gd
* test_core_actor_configures_without_a_pattern_controller_or_projectile_attack
* test_reconfiguring_an_elite_as_a_core_clears_its_special_runtime_effects
* test_telegraphed_zone_uses_the_locked_warning_position
* test_line_dash_relocates_to_the_locked_lane_without_hitting_a_player_who_evades_sideways
* test_summon_proxy_creates_a_delayed_hazard_instead_of_direct_contact_damage
* test_bongma_summon_proxy_uses_the_locked_familiar_cutout_without_tinting_it
6/6 passed.


res://tests/unit/test_school_runtime_host.gd
* test_select_school_activates_exact_runtime_once
* test_invalid_school_id_is_rejected_without_selection
* test_deactivate_disables_selected_runtime
* test_host_relays_the_active_runtime_action_signal
* test_inactive_runtime_does_not_emit_an_action_signal
* test_runtime_base_exposes_run_system_and_modifier_hooks
* test_host_forwards_run_systems_and_modifiers_to_all_runtimes
7/7 passed.


res://tests/unit/test_school_selection_ui.gd
* test_selector_scene_has_four_school_buttons
* test_stage_wording_keeps_the_existing_school_selection_id
* test_selection_has_no_school_help_buttons
* test_selected_school_help_reopens_during_play_and_returns_to_hud_opener
* test_runtime_help_scene_uses_the_explicit_overlay_and_pause_process_contract
* test_key_three_selects_guiin_once
* test_button_click_emits_stable_bongma_id_once
* test_invalid_school_id_is_ignored_without_locking_selector
* test_selector_script_exposes_selection_signal
9/9 passed.


res://tests/unit/test_script_contracts.gd
* test_mvp0_script_resources_exist
* test_mvp1_tracker_resource_exists
* test_mvp1_reward_orb_resource_exists
* test_mvp1_wave_spawner_resource_exists
* test_mvp2_shared_school_resources_exist
* test_mvp3_data_resources_exist
* test_game_state_contract
* test_main_controller_contract
* test_player_controller_contract
* test_enemy_chaser_contract
* test_basic_weapon_controller_contract
* test_projectile_contract
* test_combat_ddd_tracker_contract
* test_reward_orb_contract
* test_wave_spawner_contract
* test_school_runtime_base_contract
* test_school_runtime_host_contract
* test_player_visual_controller_contract
* test_bongma_runtime_contract
* test_bongma_familiar_contract
* test_cheonsul_runtime_contract
* test_guiin_runtime_contract
* test_heukyeong_runtime_contract
* test_enemy_effect_badge_contract
* test_hud_contract
25/25 passed.


res://tests/unit/test_shop_controller.gd
* test_shop_controller_resource_exists
* test_begin_rest_creates_three_distinct_eligible_offers
* test_successful_offer_purchase_delegates_to_build_state_and_records_change
* test_failed_purchase_is_atomic_and_does_not_record_change
* test_sale_refunds_and_records_change
* test_reroll_cost_sequence_and_insufficient_gold_are_atomic
* test_new_rest_resets_reroll_cost_and_change_history
7/7 passed.


res://tests/unit/test_stage_boss.gd
* test_stage_boss_resources_exist
* test_each_tier_applies_approved_stats_before_ready_initializes_health
* test_invalid_tier_is_atomic
* test_stage_boss_keeps_existing_enemy_group_and_damage_contract
4/4 passed.


res://tests/unit/test_stage_encounter_state.gd
* test_t10_resource_exists
* test_default_state_and_authoring_timing_match_dec024_gate
* test_elapsed_sync_requests_elite_warning_and_elite_exactly_once
* test_elite_clear_emits_chest_and_trace_once_and_pauses_only_new_normal_spawns
* test_trace_available_never_expires_and_clock_input_can_continue_without_spawning_boss
* test_early_trace_recovery_waits_for_earliest_warning_and_boss_gate
* test_late_trace_recovery_starts_warning_immediately_and_allows_soft_overtime
* test_time_alone_or_trace_recovery_alone_cannot_spawn_boss
* test_trace_recovery_is_single_use_and_separate_from_chest_reward
* test_boss_and_elite_cannot_overlap_and_boss_clear_is_terminal_once
* test_elapsed_input_is_monotonic_and_invalid_backwards_time_is_atomic_noop
* test_custom_timing_configuration_rejects_invalid_gate_order_without_mutation
12/12 passed.


res://tests/unit/test_stage_encounter_state_adversarial.gd
* test_timing_mutation_has_no_public_property_bypass
* test_configure_timing_and_elapsed_reject_nonfinite_or_mid_encounter_mutation
* test_early_recovery_large_time_jump_uses_canonical_warning_start_and_requests_boss_once
* test_external_observers_never_see_half_committed_elite_or_boss_transitions
* test_wave_spawner_remains_an_actuator_of_permission_facts_not_gate_authority
* test_failed_operations_are_total_noops_across_lifecycle
* test_gate_exposes_no_generic_force_state_or_reward_economy_api
* test_zero_warning_duration_still_respects_earliest_boss_appearance
8/8 passed.


res://tests/unit/test_stage_encounter_state_clean_reattack.gd
* test_compact_full_lifecycle_preserves_terminal_snapshot_invariants
* test_equal_elapsed_sync_at_each_threshold_is_idempotent_and_does_not_duplicate_events
* test_early_and_late_trace_recovery_preserve_distinct_warning_start_semantics
* test_snapshot_state_flags_and_spawn_permission_are_consistent_at_every_gate
* test_permission_events_are_exactly_trace_pause_recovery_resume_and_boss_pause
* test_source_keeps_stageflow_and_runtime_authorities_outside_encounter_gate
6/6 passed.


res://tests/unit/test_stage_flow_controller.gd
* test_stage_flow_resource_exists
* test_default_phase_and_timer_do_not_advance_before_selection
* test_start_copies_injected_duration_and_threshold_requests_one_boss
* test_illegal_transitions_are_rejected_without_phase_change
* test_boss_result_and_rest_order_are_strict
* test_preview_starts_segments_two_and_three_with_fresh_injected_duration
* test_third_fate_choice_enters_complete_once_and_cannot_start_segment_four
* test_game_over_is_terminal_for_stage_progression
8/8 passed.


res://tests/unit/test_stage_phase_presentation.gd
* test_cheonsul_core_maps_to_public_stage_and_phase_one
* test_all_live_circuit_states_have_only_approved_phase_labels
* test_unknown_stage_or_circuit_state_hides_presentation
3/3 passed.


res://tests/unit/test_trace_pickup.gd
* test_trace_resource_exists
* test_trace_settles_then_homes_and_recovers_once
* test_trace_waits_for_a_player_inside_the_pickup_radius
3/3 passed.


res://tests/unit/test_tradition_access_reward_lanes.gd
* test_t11_access_resource_exists
* test_access_packages_match_dec021_exactly_and_cover_all_nineteen_base_items_once
* test_run_start_opens_universal_and_starting_school_only
* test_stabilization_opens_package_once_without_creating_combat_power
* test_all_four_packages_open_to_exact_nineteen_items_without_duplicates
* test_lane_pools_are_defensive_canonical_and_package_first_not_one_flat_global_pool
* test_boss_reward_exposes_three_readable_lanes_and_newly_liberated_school_item
* test_shop_and_chest_never_draw_locked_packages_and_report_lane_first_selection
* test_access_timing_does_not_change_item_identity_affinity_combinations_or_bags
9/9 passed.


res://tests/unit/test_tradition_access_reward_lanes_adversarial.gd
* test_failed_access_mutations_are_total_noops_and_second_initialize_cannot_replace_starting_school
* test_access_snapshots_and_nested_lane_arrays_are_deeply_defensive
* test_shop_lane_sanitizer_rejects_locked_unknown_ids_and_dedupes_same_item_across_lanes
* test_failed_spatial_reroll_preserves_offer_ids_lane_ids_and_seeded_rng_state
* test_missing_required_boss_lane_fails_closed_without_falling_back_to_global_pool
* test_access_progression_and_reward_generation_never_mutate_committed_combat_modifier_authority
* test_access_packages_persist_across_rests_but_locked_school_stays_locked_until_stabilized
* test_all_start_new_school_pairs_preserve_boss_lane_semantics_and_canonical_dedupe
8/8 passed.


res://tests/unit/test_tradition_access_reward_lanes_clean_reattack.gd
* test_clean_full_access_progression_preserves_exact_catalog_boundaries
* test_clean_boss_shop_chest_outputs_are_canonical_unique_and_lane_labeled
* test_clean_reward_transaction_keeps_committed_power_frozen_until_backpack_commit
* test_clean_locked_package_never_appears_before_stabilization_across_many_seeded_rests
* test_clean_access_owner_has_no_direct_route_combat_or_inventory_mutation_authority
5/5 passed.


res://tests/unit/test_wave_spawner.gd
* test_ensure_minimum_active_fills_ten_normal_enemies_inside_random_annulus
* test_initial_horde_assigns_contact_stagger_slots_before_the_first_overlap
* test_ensure_minimum_active_restores_only_the_missing_normal_enemy_count
* test_spawn_wave_has_no_normal_enemy_cap
* test_disabled_spawner_does_not_restore_the_horde_floor
* test_invalid_horde_profile_preserves_last_valid_configuration
* test_process_uses_timed_reinforcements_after_the_floor_is_met
7/7 passed.




==============================================
= Run Summary
==============================================

Totals
------
Scripts              91
Tests               618
Passing Tests       618
Asserts            6830
Time              13.827s


---- All tests passed! ----
